../Core/Src/main.c:93:5:_write	1
../Core/Src/main.c:109:9:ADXL_readRegister	1
../Core/Src/main.c:127:6:ADXL_writeRegister	1
../Core/Src/main.c:136:6:ADXL_init	1
../Core/Src/main.c:155:6:extractFeatures	7
../Core/Src/main.c:225:6:extractCurrentFeatures	4
../Core/Src/main.c:263:5:main	7
../Core/Src/main.c:397:6:SystemClock_Config	3
../Core/Src/main.c:444:13:MX_ADC1_Init	3
../Core/Src/main.c:496:13:MX_SPI1_Init	2
../Core/Src/main.c:534:13:MX_USART2_UART_Init	2
../Core/Src/main.c:567:13:MX_GPIO_Init	1
../Core/Src/main.c:604:6:HAL_GPIO_EXTI_Callback	2
../Core/Src/main.c:615:6:Error_Handler	1
